#! /c/Source/iverilog-install/bin/vvp
:ivl_version "12.0 (devel)" "(s20150603-1539-g2693dd32b)";
:ivl_delay_selection "TYPICAL";
:vpi_time_precision + 0;
:vpi_module "C:\iverilog\lib\ivl\system.vpi";
:vpi_module "C:\iverilog\lib\ivl\vhdl_sys.vpi";
:vpi_module "C:\iverilog\lib\ivl\vhdl_textio.vpi";
:vpi_module "C:\iverilog\lib\ivl\v2005_math.vpi";
:vpi_module "C:\iverilog\lib\ivl\va_math.vpi";
:vpi_module "C:\iverilog\lib\ivl\v2009.vpi";
S_00000207650403e0 .scope package, "$unit" "$unit" 2 1;
 .timescale 0 0;
S_0000020765040570 .scope module, "tb" "tb" 3 1;
 .timescale 0 0;
v0000020765151190_0 .net "LED", 7 0, v00000207650ada20_0;  1 drivers
v0000020765151af0_0 .var "SW", 7 0;
v0000020765150150_0 .var "clk", 0 0;
S_000002076504bdc0 .scope module, "dut" "Top" 3 7, 4 1 0, S_0000020765040570;
 .timescale 0 0;
    .port_info 0 /INPUT 1 "MAX10_CLK1_50";
    .port_info 1 /INPUT 8 "SW";
    .port_info 2 /OUTPUT 8 "LEDR";
L_000002076504b5d0 .functor BUFZ 1, v0000020765150150_0, C4<0>, C4<0>, C4<0>;
v00000207650adca0_0 .var "A", 7 0;
v00000207650ad700_0 .var "AB", 15 0;
v00000207650ad5c0_0 .var "ALUout", 7 0;
v00000207650adfc0_0 .var "FR", 7 0;
v00000207650ad340_0 .var "IJA", 15 0;
v00000207650ad660_0 .var "IR", 7 0;
v00000207650ad980_0 .var "IRA", 15 0;
v00000207650ada20_0 .var "LEDR", 7 0;
v00000207650adac0_0 .net "MAX10_CLK1_50", 0 0, v0000020765150150_0;  1 drivers
v0000020765151e10_0 .var "PB", 15 0;
v00000207651512d0_0 .var "PC", 15 0;
v0000020765151a50_0 .var "PL", 15 0;
v0000020765151370 .array "R", 0 3, 7 0;
v0000020765150330_0 .var "RA", 15 0;
v0000020765151410 .array "RAM", 0 1023, 7 0;
v0000020765150470_0 .var "SP", 15 0;
v0000020765150290_0 .net "SW", 7 0, v0000020765151af0_0;  1 drivers
v00000207651514b0_0 .var "addr", 15 0;
v0000020765150a10_0 .var "branch", 0 0;
v0000020765150f10_0 .net "clk", 0 0, L_000002076504b5d0;  1 drivers
v0000020765150fb0_0 .var "din", 7 0;
v0000020765150d30_0 .var "dout", 7 0;
v0000020765151ff0_0 .var "i0", 0 0;
v0000020765151f50_0 .var "i1", 0 0;
v0000020765150b50_0 .var "i2", 0 0;
v0000020765150830_0 .var "instruction", 7 0;
v0000020765150510_0 .var "keyInt", 0 0;
v0000020765150bf0_0 .var "mode", 0 0;
v00000207651508d0_0 .var "shiftedOut", 7 0;
v0000020765151050_0 .var "state", 1 0;
v00000207651506f0_0 .var "timer1Ctrl", 7 0;
v0000020765150e70_0 .net "timer1Int", 0 0, v000002076504c180_0;  1 drivers
v0000020765150ab0_0 .net "timer1Read", 7 0, v00000207651264e0_0;  1 drivers
v0000020765151550_0 .var "timer1Set", 7 0;
v00000207651515f0_0 .var "timer2Ctrl", 7 0;
v0000020765150dd0_0 .net "timer2Int", 0 0, v00000207650ad7a0_0;  1 drivers
v0000020765151b90_0 .net "timer2Read", 7 0, v00000207650ae060_0;  1 drivers
v00000207651503d0_0 .var "timer2Set", 7 0;
v00000207651510f0_0 .var "we", 0 0;
E_0000020765071330/0 .event anyedge, v00000207650ad700_0, v0000020765151050_0, v00000207651512d0_0, v0000020765150830_0;
E_0000020765071330/1 .event anyedge, v0000020765150830_0, v00000207650adfc0_0, v00000207650adfc0_0, v00000207650adfc0_0;
v0000020765151370_0 .array/port v0000020765151370, 0;
E_0000020765071330/2 .event anyedge, v00000207650adfc0_0, v00000207650adca0_0, v0000020765150830_0, v0000020765151370_0;
v0000020765151370_1 .array/port v0000020765151370, 1;
v0000020765151370_2 .array/port v0000020765151370, 2;
v0000020765151370_3 .array/port v0000020765151370, 3;
E_0000020765071330/3 .event anyedge, v0000020765151370_1, v0000020765151370_2, v0000020765151370_3, v0000020765150830_0;
E_0000020765071330/4 .event anyedge, v0000020765150470_0, v0000020765150330_0, v0000020765150330_0, v00000207650ad700_0;
E_0000020765071330/5 .event anyedge, v00000207650ad700_0, v0000020765150bf0_0, v0000020765151e10_0, v0000020765151a50_0;
E_0000020765071330/6 .event anyedge, v00000207650adfc0_0;
E_0000020765071330 .event/or E_0000020765071330/0, E_0000020765071330/1, E_0000020765071330/2, E_0000020765071330/3, E_0000020765071330/4, E_0000020765071330/5, E_0000020765071330/6;
S_000002076504bf50 .scope module, "timer1" "timer" 4 24, 5 1 0, S_000002076504bdc0;
 .timescale 0 0;
    .port_info 0 /INPUT 1 "clk";
    .port_info 1 /INPUT 8 "control";
    .port_info 2 /INPUT 8 "set";
    .port_info 3 /OUTPUT 8 "read";
    .port_info 4 /OUTPUT 1 "interrupt";
v000002076512bbe0_0 .net "clk", 0 0, L_000002076504b5d0;  alias, 1 drivers
v0000020765126e80_0 .net "control", 7 0, v00000207651506f0_0;  1 drivers
v000002076504c0e0_0 .var "intEn", 0 0;
v000002076504c180_0 .var "interrupt", 0 0;
v0000020765040700_0 .var "period", 4 0;
v00000207650407a0_0 .var "periodClk", 0 0;
v0000020765126440_0 .var "periodCount", 0 0;
v00000207651264e0_0 .var "read", 7 0;
v0000020765126580_0 .var "resetVal", 15 0;
v0000020765126620_0 .var "seg", 0 0;
v00000207651266c0_0 .net "set", 7 0, v0000020765151550_0;  1 drivers
v0000020765126760_0 .var "setVal", 15 0;
v00000207650ad200_0 .var "value", 15 0;
v00000207650ad520_0 .var "we", 0 0;
E_00000207650714f0 .event posedge, v000002076512bbe0_0;
E_00000207650713b0 .event anyedge, v0000020765126e80_0, v00000207650ad200_0, v00000207650ad200_0;
S_00000207650ae120 .scope module, "timer2" "timer" 4 25, 5 1 0, S_000002076504bdc0;
 .timescale 0 0;
    .port_info 0 /INPUT 1 "clk";
    .port_info 1 /INPUT 8 "control";
    .port_info 2 /INPUT 8 "set";
    .port_info 3 /OUTPUT 8 "read";
    .port_info 4 /OUTPUT 1 "interrupt";
v00000207650ad160_0 .net "clk", 0 0, L_000002076504b5d0;  alias, 1 drivers
v00000207650add40_0 .net "control", 7 0, v00000207651515f0_0;  1 drivers
v00000207650adde0_0 .var "intEn", 0 0;
v00000207650ad7a0_0 .var "interrupt", 0 0;
v00000207650ade80_0 .var "period", 4 0;
v00000207650ad2a0_0 .var "periodClk", 0 0;
v00000207650adf20_0 .var "periodCount", 0 0;
v00000207650ae060_0 .var "read", 7 0;
v00000207650ad8e0_0 .var "resetVal", 15 0;
v00000207650ad480_0 .var "seg", 0 0;
v00000207650ad3e0_0 .net "set", 7 0, v00000207651503d0_0;  1 drivers
v00000207650ad840_0 .var "setVal", 15 0;
v00000207650adc00_0 .var "value", 15 0;
v00000207650adb60_0 .var "we", 0 0;
E_0000020765071cb0 .event anyedge, v00000207650add40_0, v00000207650adc00_0, v00000207650adc00_0;
    .scope S_000002076504bf50;
T_0 ;
    %pushi/vec4 0, 0, 1;
    %store/vec4 v0000020765126440_0, 0, 1;
    %pushi/vec4 65535, 0, 16;
    %store/vec4 v00000207650ad200_0, 0, 16;
    %pushi/vec4 0, 0, 16;
    %store/vec4 v0000020765126760_0, 0, 16;
    %pushi/vec4 65535, 0, 16;
    %store/vec4 v0000020765126580_0, 0, 16;
    %end;
    .thread T_0, $init;
    .scope S_000002076504bf50;
T_1 ;
Ewait_0 .event/or E_00000207650713b0, E_0x0;
    %wait Ewait_0;
    %load/vec4 v0000020765126e80_0;
    %split/vec4 1;
    %store/vec4 v0000020765126620_0, 0, 1;
    %split/vec4 1;
    %store/vec4 v00000207650ad520_0, 0, 1;
    %split/vec4 1;
    %store/vec4 v000002076504c0e0_0, 0, 1;
    %store/vec4 v0000020765040700_0, 0, 5;
    %load/vec4 v0000020765126620_0;
    %pad/u 32;
    %cmpi/e 0, 0, 32;
    %jmp/0xz  T_1.0, 4;
    %load/vec4 v00000207650ad200_0;
    %parti/s 8, 0, 2;
    %store/vec4 v00000207651264e0_0, 0, 8;
    %jmp T_1.1;
T_1.0 ;
    %load/vec4 v00000207650ad200_0;
    %parti/s 8, 8, 5;
    %store/vec4 v00000207651264e0_0, 0, 8;
T_1.1 ;
    %jmp T_1;
    .thread T_1, $push;
    .scope S_000002076504bf50;
T_2 ;
    %wait E_00000207650714f0;
    %load/vec4 v00000207650407a0_0;
    %flag_set/vec4 8;
    %jmp/0xz  T_2.0, 8;
    %load/vec4 v00000207650ad200_0;
    %pad/u 32;
    %cmpi/ne 0, 0, 32;
    %jmp/0xz  T_2.2, 4;
    %load/vec4 v00000207650ad200_0;
    %load/vec4 v0000020765126580_0;
    %cmp/u;
    %flag_or 5, 4;
    %jmp/0xz  T_2.4, 5;
    %load/vec4 v00000207650ad200_0;
    %subi 1, 0, 16;
    %assign/vec4 v00000207650ad200_0, 0;
    %jmp T_2.5;
T_2.4 ;
    %load/vec4 v0000020765126580_0;
    %assign/vec4 v00000207650ad200_0, 0;
T_2.5 ;
    %pushi/vec4 0, 0, 1;
    %assign/vec4 v000002076504c180_0, 0;
    %jmp T_2.3;
T_2.2 ;
    %load/vec4 v000002076504c0e0_0;
    %flag_set/vec4 8;
    %jmp/0xz  T_2.6, 8;
    %pushi/vec4 1, 0, 1;
    %assign/vec4 v000002076504c180_0, 0;
T_2.6 ;
    %load/vec4 v0000020765126580_0;
    %assign/vec4 v00000207650ad200_0, 0;
T_2.3 ;
    %jmp T_2.1;
T_2.0 ;
    %pushi/vec4 0, 0, 1;
    %assign/vec4 v000002076504c180_0, 0;
T_2.1 ;
    %load/vec4 v0000020765126620_0;
    %pad/u 32;
    %cmpi/e 1, 0, 32;
    %jmp/0xz  T_2.8, 4;
    %load/vec4 v00000207651266c0_0;
    %ix/load 4, 8, 0;
    %ix/load 5, 0, 0;
    %flag_set/imm 4, 0;
    %assign/vec4/off/d v0000020765126760_0, 4, 5;
    %jmp T_2.9;
T_2.8 ;
    %load/vec4 v00000207651266c0_0;
    %ix/load 4, 0, 0;
    %ix/load 5, 0, 0;
    %flag_set/imm 4, 0;
    %assign/vec4/off/d v0000020765126760_0, 4, 5;
T_2.9 ;
    %load/vec4 v00000207650ad520_0;
    %flag_set/vec4 8;
    %jmp/0xz  T_2.10, 8;
    %load/vec4 v0000020765126760_0;
    %assign/vec4 v0000020765126580_0, 0;
T_2.10 ;
    %load/vec4 v0000020765040700_0;
    %load/vec4 v0000020765126440_0;
    %pad/u 5;
    %cmp/u;
    %flag_or 5, 4;
    %jmp/0xz  T_2.12, 5;
    %pushi/vec4 1, 0, 1;
    %assign/vec4 v00000207650407a0_0, 0;
    %pushi/vec4 0, 0, 1;
    %assign/vec4 v0000020765126440_0, 0;
    %jmp T_2.13;
T_2.12 ;
    %pushi/vec4 0, 0, 1;
    %assign/vec4 v00000207650407a0_0, 0;
    %load/vec4 v0000020765126440_0;
    %pad/u 2;
    %addi 1, 0, 2;
    %pad/u 1;
    %assign/vec4 v0000020765126440_0, 0;
T_2.13 ;
    %jmp T_2;
    .thread T_2;
    .scope S_00000207650ae120;
T_3 ;
    %pushi/vec4 0, 0, 1;
    %store/vec4 v00000207650adf20_0, 0, 1;
    %pushi/vec4 65535, 0, 16;
    %store/vec4 v00000207650adc00_0, 0, 16;
    %pushi/vec4 0, 0, 16;
    %store/vec4 v00000207650ad840_0, 0, 16;
    %pushi/vec4 65535, 0, 16;
    %store/vec4 v00000207650ad8e0_0, 0, 16;
    %end;
    .thread T_3, $init;
    .scope S_00000207650ae120;
T_4 ;
Ewait_1 .event/or E_0000020765071cb0, E_0x0;
    %wait Ewait_1;
    %load/vec4 v00000207650add40_0;
    %split/vec4 1;
    %store/vec4 v00000207650ad480_0, 0, 1;
    %split/vec4 1;
    %store/vec4 v00000207650adb60_0, 0, 1;
    %split/vec4 1;
    %store/vec4 v00000207650adde0_0, 0, 1;
    %store/vec4 v00000207650ade80_0, 0, 5;
    %load/vec4 v00000207650ad480_0;
    %pad/u 32;
    %cmpi/e 0, 0, 32;
    %jmp/0xz  T_4.0, 4;
    %load/vec4 v00000207650adc00_0;
    %parti/s 8, 0, 2;
    %store/vec4 v00000207650ae060_0, 0, 8;
    %jmp T_4.1;
T_4.0 ;
    %load/vec4 v00000207650adc00_0;
    %parti/s 8, 8, 5;
    %store/vec4 v00000207650ae060_0, 0, 8;
T_4.1 ;
    %jmp T_4;
    .thread T_4, $push;
    .scope S_00000207650ae120;
T_5 ;
    %wait E_00000207650714f0;
    %load/vec4 v00000207650ad2a0_0;
    %flag_set/vec4 8;
    %jmp/0xz  T_5.0, 8;
    %load/vec4 v00000207650adc00_0;
    %pad/u 32;
    %cmpi/ne 0, 0, 32;
    %jmp/0xz  T_5.2, 4;
    %load/vec4 v00000207650adc00_0;
    %load/vec4 v00000207650ad8e0_0;
    %cmp/u;
    %flag_or 5, 4;
    %jmp/0xz  T_5.4, 5;
    %load/vec4 v00000207650adc00_0;
    %subi 1, 0, 16;
    %assign/vec4 v00000207650adc00_0, 0;
    %jmp T_5.5;
T_5.4 ;
    %load/vec4 v00000207650ad8e0_0;
    %assign/vec4 v00000207650adc00_0, 0;
T_5.5 ;
    %pushi/vec4 0, 0, 1;
    %assign/vec4 v00000207650ad7a0_0, 0;
    %jmp T_5.3;
T_5.2 ;
    %load/vec4 v00000207650adde0_0;
    %flag_set/vec4 8;
    %jmp/0xz  T_5.6, 8;
    %pushi/vec4 1, 0, 1;
    %assign/vec4 v00000207650ad7a0_0, 0;
T_5.6 ;
    %load/vec4 v00000207650ad8e0_0;
    %assign/vec4 v00000207650adc00_0, 0;
T_5.3 ;
    %jmp T_5.1;
T_5.0 ;
    %pushi/vec4 0, 0, 1;
    %assign/vec4 v00000207650ad7a0_0, 0;
T_5.1 ;
    %load/vec4 v00000207650ad480_0;
    %pad/u 32;
    %cmpi/e 1, 0, 32;
    %jmp/0xz  T_5.8, 4;
    %load/vec4 v00000207650ad3e0_0;
    %ix/load 4, 8, 0;
    %ix/load 5, 0, 0;
    %flag_set/imm 4, 0;
    %assign/vec4/off/d v00000207650ad840_0, 4, 5;
    %jmp T_5.9;
T_5.8 ;
    %load/vec4 v00000207650ad3e0_0;
    %ix/load 4, 0, 0;
    %ix/load 5, 0, 0;
    %flag_set/imm 4, 0;
    %assign/vec4/off/d v00000207650ad840_0, 4, 5;
T_5.9 ;
    %load/vec4 v00000207650adb60_0;
    %flag_set/vec4 8;
    %jmp/0xz  T_5.10, 8;
    %load/vec4 v00000207650ad840_0;
    %assign/vec4 v00000207650ad8e0_0, 0;
T_5.10 ;
    %load/vec4 v00000207650ade80_0;
    %load/vec4 v00000207650adf20_0;
    %pad/u 5;
    %cmp/u;
    %flag_or 5, 4;
    %jmp/0xz  T_5.12, 5;
    %pushi/vec4 1, 0, 1;
    %assign/vec4 v00000207650ad2a0_0, 0;
    %pushi/vec4 0, 0, 1;
    %assign/vec4 v00000207650adf20_0, 0;
    %jmp T_5.13;
T_5.12 ;
    %pushi/vec4 0, 0, 1;
    %assign/vec4 v00000207650ad2a0_0, 0;
    %load/vec4 v00000207650adf20_0;
    %pad/u 2;
    %addi 1, 0, 2;
    %pad/u 1;
    %assign/vec4 v00000207650adf20_0, 0;
T_5.13 ;
    %jmp T_5;
    .thread T_5;
    .scope S_000002076504bdc0;
T_6 ;
    %pushi/vec4 0, 0, 2;
    %store/vec4 v0000020765151050_0, 0, 2;
    %pushi/vec4 0, 0, 8;
    %store/vec4 v00000207650ad660_0, 0, 8;
    %pushi/vec4 0, 0, 16;
    %store/vec4 v00000207651512d0_0, 0, 16;
    %pushi/vec4 0, 0, 1;
    %store/vec4 v0000020765150bf0_0, 0, 1;
    %pushi/vec4 0, 0, 1;
    %store/vec4 v0000020765151ff0_0, 0, 1;
    %pushi/vec4 0, 0, 1;
    %store/vec4 v0000020765151f50_0, 0, 1;
    %pushi/vec4 0, 0, 1;
    %store/vec4 v0000020765150b50_0, 0, 1;
    %end;
    .thread T_6, $init;
    .scope S_000002076504bdc0;
T_7 ;
    %vpi_call/w 4 32 "$readmemb", "testcode/memcpytest.bin", v0000020765151410 {0 0 0};
    %end;
    .thread T_7;
    .scope S_000002076504bdc0;
T_8 ;
Ewait_2 .event/or E_0000020765071330, E_0x0;
    %wait Ewait_2;
    %pushi/vec4 0, 0, 8;
    %store/vec4 v00000207650ad5c0_0, 0, 8;
    %pushi/vec4 0, 0, 1;
    %store/vec4 v0000020765150a10_0, 0, 1;
    %load/vec4 v00000207650ad700_0;
    %store/vec4 v00000207651514b0_0, 0, 16;
    %pushi/vec4 0, 0, 1;
    %store/vec4 v00000207651510f0_0, 0, 1;
    %pushi/vec4 0, 0, 8;
    %store/vec4 v0000020765150fb0_0, 0, 8;
    %pushi/vec4 0, 0, 8;
    %store/vec4 v00000207651508d0_0, 0, 8;
    %load/vec4 v0000020765151050_0;
    %pad/u 32;
    %cmpi/e 0, 0, 32;
    %jmp/0xz  T_8.0, 4;
    %load/vec4 v00000207651512d0_0;
    %store/vec4 v00000207651514b0_0, 0, 16;
T_8.0 ;
    %load/vec4 v0000020765151050_0;
    %pad/u 32;
    %cmpi/e 2, 0, 32;
    %jmp/0xz  T_8.2, 4;
    %load/vec4 v0000020765150830_0;
    %dup/vec4;
    %pushi/vec4 96, 31, 8;
    %cmp/z;
    %jmp/1 T_8.4, 4;
    %dup/vec4;
    %pushi/vec4 128, 31, 8;
    %cmp/z;
    %jmp/1 T_8.5, 4;
    %dup/vec4;
    %pushi/vec4 160, 7, 8;
    %cmp/z;
    %jmp/1 T_8.6, 4;
    %dup/vec4;
    %pushi/vec4 168, 7, 8;
    %cmp/z;
    %jmp/1 T_8.7, 4;
    %dup/vec4;
    %pushi/vec4 176, 3, 8;
    %cmp/z;
    %jmp/1 T_8.8, 4;
    %dup/vec4;
    %pushi/vec4 180, 3, 8;
    %cmp/z;
    %jmp/1 T_8.9, 4;
    %dup/vec4;
    %pushi/vec4 184, 3, 8;
    %cmp/z;
    %jmp/1 T_8.10, 4;
    %dup/vec4;
    %pushi/vec4 188, 0, 8;
    %cmp/z;
    %jmp/1 T_8.11, 4;
    %dup/vec4;
    %pushi/vec4 189, 0, 8;
    %cmp/z;
    %jmp/1 T_8.12, 4;
    %dup/vec4;
    %pushi/vec4 190, 0, 8;
    %cmp/z;
    %jmp/1 T_8.13, 4;
    %dup/vec4;
    %pushi/vec4 191, 0, 8;
    %cmp/z;
    %jmp/1 T_8.14, 4;
    %dup/vec4;
    %pushi/vec4 200, 3, 8;
    %cmp/z;
    %jmp/1 T_8.15, 4;
    %dup/vec4;
    %pushi/vec4 204, 3, 8;
    %cmp/z;
    %jmp/1 T_8.16, 4;
    %dup/vec4;
    %pushi/vec4 208, 3, 8;
    %cmp/z;
    %jmp/1 T_8.17, 4;
    %dup/vec4;
    %pushi/vec4 212, 3, 8;
    %cmp/z;
    %jmp/1 T_8.18, 4;
    %dup/vec4;
    %pushi/vec4 240, 0, 8;
    %cmp/z;
    %jmp/1 T_8.19, 4;
    %dup/vec4;
    %pushi/vec4 241, 0, 8;
    %cmp/z;
    %jmp/1 T_8.20, 4;
    %dup/vec4;
    %pushi/vec4 224, 3, 8;
    %cmp/z;
    %jmp/1 T_8.21, 4;
    %dup/vec4;
    %pushi/vec4 228, 3, 8;
    %cmp/z;
    %jmp/1 T_8.22, 4;
    %dup/vec4;
    %pushi/vec4 232, 0, 8;
    %cmp/z;
    %jmp/1 T_8.23, 4;
    %dup/vec4;
    %pushi/vec4 233, 0, 8;
    %cmp/z;
    %jmp/1 T_8.24, 4;
    %dup/vec4;
    %pushi/vec4 241, 0, 8;
    %cmp/z;
    %jmp/1 T_8.25, 4;
    %dup/vec4;
    %pushi/vec4 240, 0, 8;
    %cmp/z;
    %jmp/1 T_8.26, 4;
    %dup/vec4;
    %pushi/vec4 242, 0, 8;
    %cmp/z;
    %jmp/1 T_8.27, 4;
    %dup/vec4;
    %pushi/vec4 243, 0, 8;
    %cmp/z;
    %jmp/1 T_8.28, 4;
    %dup/vec4;
    %pushi/vec4 244, 0, 8;
    %cmp/z;
    %jmp/1 T_8.29, 4;
    %dup/vec4;
    %pushi/vec4 245, 0, 8;
    %cmp/z;
    %jmp/1 T_8.30, 4;
    %pushi/vec4 0, 0, 8;
    %store/vec4 v00000207650ad5c0_0, 0, 8;
    %jmp T_8.32;
T_8.4 ;
    %load/vec4 v0000020765150830_0;
    %parti/s 3, 2, 3;
    %dup/vec4;
    %pushi/vec4 0, 0, 3;
    %cmp/u;
    %jmp/1 T_8.33, 6;
    %dup/vec4;
    %pushi/vec4 1, 0, 3;
    %cmp/u;
    %jmp/1 T_8.34, 6;
    %dup/vec4;
    %pushi/vec4 2, 0, 3;
    %cmp/u;
    %jmp/1 T_8.35, 6;
    %dup/vec4;
    %pushi/vec4 3, 0, 3;
    %cmp/u;
    %jmp/1 T_8.36, 6;
    %dup/vec4;
    %pushi/vec4 4, 0, 3;
    %cmp/u;
    %jmp/1 T_8.37, 6;
    %dup/vec4;
    %pushi/vec4 5, 0, 3;
    %cmp/u;
    %jmp/1 T_8.38, 6;
    %dup/vec4;
    %pushi/vec4 7, 0, 3;
    %cmp/u;
    %jmp/1 T_8.39, 6;
    %pushi/vec4 0, 0, 1;
    %store/vec4 v0000020765150a10_0, 0, 1;
    %jmp T_8.41;
T_8.33 ;
    %load/vec4 v00000207650adfc0_0;
    %parti/s 1, 0, 2;
    %pad/u 32;
    %pushi/vec4 1, 0, 32;
    %cmp/e;
    %flag_get/vec4 4;
    %store/vec4 v0000020765150a10_0, 0, 1;
    %jmp T_8.41;
T_8.34 ;
    %load/vec4 v00000207650adfc0_0;
    %parti/s 1, 0, 2;
    %pad/u 32;
    %pushi/vec4 0, 0, 32;
    %cmp/e;
    %flag_get/vec4 4;
    %store/vec4 v0000020765150a10_0, 0, 1;
    %jmp T_8.41;
T_8.35 ;
    %load/vec4 v00000207650adfc0_0;
    %parti/s 1, 2, 3;
    %pad/u 32;
    %pushi/vec4 0, 0, 32;
    %cmp/e;
    %flag_get/vec4 4;
    %store/vec4 v0000020765150a10_0, 0, 1;
    %jmp T_8.41;
T_8.36 ;
    %load/vec4 v00000207650adfc0_0;
    %parti/s 1, 1, 2;
    %load/vec4 v00000207650adfc0_0;
    %parti/s 1, 3, 3;
    %cmp/ne;
    %flag_get/vec4 4;
    %store/vec4 v0000020765150a10_0, 0, 1;
    %jmp T_8.41;
T_8.37 ;
    %load/vec4 v00000207650adfc0_0;
    %parti/s 1, 2, 3;
    %pad/u 32;
    %pushi/vec4 1, 0, 32;
    %cmp/e;
    %flag_get/vec4 4;
    %store/vec4 v0000020765150a10_0, 0, 1;
    %jmp T_8.41;
T_8.38 ;
    %load/vec4 v00000207650adfc0_0;
    %parti/s 1, 1, 2;
    %load/vec4 v00000207650adfc0_0;
    %parti/s 1, 3, 3;
    %cmp/e;
    %flag_get/vec4 4;
    %store/vec4 v0000020765150a10_0, 0, 1;
    %jmp T_8.41;
T_8.39 ;
    %pushi/vec4 1, 0, 1;
    %store/vec4 v0000020765150a10_0, 0, 1;
    %jmp T_8.41;
T_8.41 ;
    %pop/vec4 1;
    %jmp T_8.32;
T_8.5 ;
    %load/vec4 v0000020765150830_0;
    %parti/s 3, 2, 3;
    %dup/vec4;
    %pushi/vec4 0, 0, 3;
    %cmp/u;
    %jmp/1 T_8.42, 6;
    %dup/vec4;
    %pushi/vec4 1, 0, 3;
    %cmp/u;
    %jmp/1 T_8.43, 6;
    %dup/vec4;
    %pushi/vec4 2, 0, 3;
    %cmp/u;
    %jmp/1 T_8.44, 6;
    %dup/vec4;
    %pushi/vec4 3, 0, 3;
    %cmp/u;
    %jmp/1 T_8.45, 6;
    %dup/vec4;
    %pushi/vec4 4, 0, 3;
    %cmp/u;
    %jmp/1 T_8.46, 6;
    %dup/vec4;
    %pushi/vec4 5, 0, 3;
    %cmp/u;
    %jmp/1 T_8.47, 6;
    %dup/vec4;
    %pushi/vec4 6, 0, 3;
    %cmp/u;
    %jmp/1 T_8.48, 6;
    %dup/vec4;
    %pushi/vec4 7, 0, 3;
    %cmp/u;
    %jmp/1 T_8.49, 6;
    %pushi/vec4 0, 0, 8;
    %store/vec4 v00000207650ad5c0_0, 0, 8;
    %jmp T_8.51;
T_8.42 ;
    %load/vec4 v00000207650adca0_0;
    %load/vec4 v0000020765150830_0;
    %parti/s 2, 0, 2;
    %pad/u 4;
    %ix/vec4 4;
    %load/vec4a v0000020765151370, 4;
    %add;
    %store/vec4 v00000207650ad5c0_0, 0, 8;
    %jmp T_8.51;
T_8.43 ;
    %load/vec4 v00000207650adca0_0;
    %load/vec4 v0000020765150830_0;
    %parti/s 2, 0, 2;
    %pad/u 4;
    %ix/vec4 4;
    %load/vec4a v0000020765151370, 4;
    %sub;
    %store/vec4 v00000207650ad5c0_0, 0, 8;
    %jmp T_8.51;
T_8.44 ;
    %load/vec4 v00000207650adca0_0;
    %load/vec4 v0000020765150830_0;
    %parti/s 2, 0, 2;
    %pad/u 4;
    %ix/vec4 5;
    %load/vec4a v0000020765151370, 5;
    %ix/vec4 4;
    %shiftl 4;
    %store/vec4 v00000207650ad5c0_0, 0, 8;
    %load/vec4 v00000207650adca0_0;
    %pushi/vec4 8, 0, 32;
    %load/vec4 v0000020765150830_0;
    %parti/s 2, 0, 2;
    %pad/u 4;
    %ix/vec4 5;
    %load/vec4a v0000020765151370, 5;
    %pad/u 32;
    %sub;
    %ix/vec4 4;
    %shiftr 4;
    %store/vec4 v00000207651508d0_0, 0, 8;
    %jmp T_8.51;
T_8.45 ;
    %load/vec4 v00000207650adca0_0;
    %load/vec4 v0000020765150830_0;
    %parti/s 2, 0, 2;
    %pad/u 4;
    %ix/vec4 5;
    %load/vec4a v0000020765151370, 5;
    %ix/vec4 4;
    %shiftr 4;
    %store/vec4 v00000207650ad5c0_0, 0, 8;
    %load/vec4 v00000207650adca0_0;
    %pushi/vec4 8, 0, 32;
    %load/vec4 v0000020765150830_0;
    %parti/s 2, 0, 2;
    %pad/u 4;
    %ix/vec4 5;
    %load/vec4a v0000020765151370, 5;
    %pad/u 32;
    %sub;
    %ix/vec4 4;
    %shiftl 4;
    %store/vec4 v00000207651508d0_0, 0, 8;
    %jmp T_8.51;
T_8.46 ;
    %load/vec4 v00000207650adca0_0;
    %load/vec4 v0000020765150830_0;
    %parti/s 2, 0, 2;
    %pad/u 4;
    %ix/vec4 5;
    %load/vec4a v0000020765151370, 5;
    %ix/vec4 4;
    %shiftr 4;
    %store/vec4 v00000207650ad5c0_0, 0, 8;
    %load/vec4 v00000207650adca0_0;
    %pushi/vec4 8, 0, 32;
    %load/vec4 v0000020765150830_0;
    %parti/s 2, 0, 2;
    %pad/u 4;
    %ix/vec4 5;
    %load/vec4a v0000020765151370, 5;
    %pad/u 32;
    %sub;
    %ix/vec4 4;
    %shiftl 4;
    %store/vec4 v00000207651508d0_0, 0, 8;
    %jmp T_8.51;
T_8.47 ;
    %load/vec4 v00000207650adca0_0;
    %load/vec4 v0000020765150830_0;
    %parti/s 2, 0, 2;
    %pad/u 4;
    %ix/vec4 4;
    %load/vec4a v0000020765151370, 4;
    %and;
    %store/vec4 v00000207650ad5c0_0, 0, 8;
    %jmp T_8.51;
T_8.48 ;
    %load/vec4 v00000207650adca0_0;
    %load/vec4 v0000020765150830_0;
    %parti/s 2, 0, 2;
    %pad/u 4;
    %ix/vec4 4;
    %load/vec4a v0000020765151370, 4;
    %or;
    %store/vec4 v00000207650ad5c0_0, 0, 8;
    %jmp T_8.51;
T_8.49 ;
    %load/vec4 v00000207650adca0_0;
    %load/vec4 v0000020765150830_0;
    %parti/s 2, 0, 2;
    %pad/u 4;
    %ix/vec4 4;
    %load/vec4a v0000020765151370, 4;
    %xor;
    %store/vec4 v00000207650ad5c0_0, 0, 8;
    %jmp T_8.51;
T_8.51 ;
    %pop/vec4 1;
    %jmp T_8.32;
T_8.6 ;
    %load/vec4 v00000207650adca0_0;
    %pushi/vec4 8, 0, 32;
    %load/vec4 v0000020765150830_0;
    %parti/s 3, 0, 2;
    %pad/u 32;
    %sub;
    %ix/vec4 4;
    %shiftr 4;
    %store/vec4 v00000207651508d0_0, 0, 8;
    %jmp T_8.32;
T_8.7 ;
    %load/vec4 v00000207650adca0_0;
    %pushi/vec4 8, 0, 32;
    %load/vec4 v0000020765150830_0;
    %parti/s 3, 0, 2;
    %pad/u 32;
    %sub;
    %ix/vec4 4;
    %shiftl 4;
    %store/vec4 v00000207651508d0_0, 0, 8;
    %jmp T_8.32;
T_8.8 ;
    %load/vec4 v0000020765150470_0;
    %store/vec4 v00000207651514b0_0, 0, 16;
    %jmp T_8.32;
T_8.9 ;
    %pushi/vec4 1, 0, 1;
    %store/vec4 v00000207651510f0_0, 0, 1;
    %load/vec4 v0000020765150470_0;
    %subi 1, 0, 16;
    %store/vec4 v00000207651514b0_0, 0, 16;
    %load/vec4 v0000020765150830_0;
    %parti/s 2, 0, 2;
    %pad/u 4;
    %ix/vec4 4;
    %load/vec4a v0000020765151370, 4;
    %store/vec4 v0000020765150fb0_0, 0, 8;
    %jmp T_8.32;
T_8.10 ;
    %load/vec4 v0000020765150470_0;
    %store/vec4 v00000207651514b0_0, 0, 16;
    %jmp T_8.32;
T_8.11 ;
    %pushi/vec4 1, 0, 1;
    %store/vec4 v00000207651510f0_0, 0, 1;
    %load/vec4 v0000020765150470_0;
    %subi 1, 0, 16;
    %store/vec4 v00000207651514b0_0, 0, 16;
    %load/vec4 v0000020765150330_0;
    %parti/s 8, 0, 2;
    %store/vec4 v0000020765150fb0_0, 0, 8;
    %jmp T_8.32;
T_8.12 ;
    %pushi/vec4 1, 0, 1;
    %store/vec4 v00000207651510f0_0, 0, 1;
    %load/vec4 v0000020765150470_0;
    %subi 1, 0, 16;
    %store/vec4 v00000207651514b0_0, 0, 16;
    %load/vec4 v0000020765150330_0;
    %parti/s 8, 8, 5;
    %store/vec4 v0000020765150fb0_0, 0, 8;
    %jmp T_8.32;
T_8.13 ;
    %pushi/vec4 1, 0, 1;
    %store/vec4 v00000207651510f0_0, 0, 1;
    %load/vec4 v0000020765150470_0;
    %subi 1, 0, 16;
    %store/vec4 v00000207651514b0_0, 0, 16;
    %load/vec4 v00000207650ad700_0;
    %parti/s 8, 0, 2;
    %store/vec4 v0000020765150fb0_0, 0, 8;
    %jmp T_8.32;
T_8.14 ;
    %pushi/vec4 1, 0, 1;
    %store/vec4 v00000207651510f0_0, 0, 1;
    %load/vec4 v0000020765150470_0;
    %subi 1, 0, 16;
    %store/vec4 v00000207651514b0_0, 0, 16;
    %load/vec4 v00000207650ad700_0;
    %parti/s 8, 8, 5;
    %store/vec4 v0000020765150fb0_0, 0, 8;
    %jmp T_8.32;
T_8.15 ;
    %load/vec4 v00000207650ad700_0;
    %store/vec4 v00000207651514b0_0, 0, 16;
    %jmp T_8.32;
T_8.16 ;
    %pushi/vec4 1, 0, 1;
    %store/vec4 v00000207651510f0_0, 0, 1;
    %load/vec4 v00000207650ad700_0;
    %store/vec4 v00000207651514b0_0, 0, 16;
    %load/vec4 v0000020765150830_0;
    %parti/s 2, 0, 2;
    %pad/u 4;
    %ix/vec4 4;
    %load/vec4a v0000020765151370, 4;
    %store/vec4 v0000020765150fb0_0, 0, 8;
    %jmp T_8.32;
T_8.17 ;
    %load/vec4 v0000020765150830_0;
    %parti/s 2, 0, 2;
    %pad/u 4;
    %ix/vec4 4;
    %load/vec4a v0000020765151370, 4;
    %subi 1, 0, 8;
    %assign/vec4 v00000207650ad5c0_0, 0;
    %jmp T_8.32;
T_8.18 ;
    %load/vec4 v0000020765150830_0;
    %parti/s 2, 0, 2;
    %pad/u 4;
    %ix/vec4 4;
    %load/vec4a v0000020765151370, 4;
    %addi 1, 0, 8;
    %assign/vec4 v00000207650ad5c0_0, 0;
    %jmp T_8.32;
T_8.19 ;
    %load/vec4 v00000207650ad700_0;
    %store/vec4 v00000207651514b0_0, 0, 16;
    %jmp T_8.32;
T_8.20 ;
    %pushi/vec4 1, 0, 1;
    %store/vec4 v00000207651510f0_0, 0, 1;
    %load/vec4 v00000207650ad700_0;
    %store/vec4 v00000207651514b0_0, 0, 16;
    %load/vec4 v00000207650adca0_0;
    %store/vec4 v0000020765150fb0_0, 0, 8;
    %jmp T_8.32;
T_8.21 ;
    %load/vec4 v0000020765150bf0_0;
    %pad/u 32;
    %cmpi/e 1, 0, 32;
    %jmp/0xz  T_8.52, 4;
    %load/vec4 v00000207650ad700_0;
    %load/vec4 v0000020765151e10_0;
    %add;
    %store/vec4 v00000207651514b0_0, 0, 16;
    %jmp T_8.53;
T_8.52 ;
    %load/vec4 v00000207650ad700_0;
    %store/vec4 v00000207651514b0_0, 0, 16;
T_8.53 ;
    %jmp T_8.32;
T_8.22 ;
    %load/vec4 v0000020765151a50_0;
    %load/vec4 v0000020765151e10_0;
    %load/vec4 v00000207650ad700_0;
    %add;
    %cmp/u;
    %jmp/1 T_8.57, 5;
    %flag_mov 9, 5;
    %load/vec4 v0000020765151e10_0;
    %load/vec4 v00000207650ad700_0;
    %add;
    %load/vec4 v0000020765151e10_0;
    %cmp/u;
    %flag_or 5, 9;
T_8.57;
    %flag_get/vec4 5;
    %jmp/0 T_8.56, 5;
    %load/vec4 v0000020765150bf0_0;
    %pad/u 32;
    %pushi/vec4 1, 0, 32;
    %cmp/e;
    %flag_get/vec4 4;
    %and;
T_8.56;
    %nor/r;
    %flag_set/vec4 8;
    %jmp/0xz  T_8.54, 8;
    %pushi/vec4 1, 0, 1;
    %store/vec4 v00000207651510f0_0, 0, 1;
T_8.54 ;
    %load/vec4 v0000020765150bf0_0;
    %pad/u 32;
    %cmpi/e 1, 0, 32;
    %jmp/0xz  T_8.58, 4;
    %load/vec4 v00000207650ad700_0;
    %load/vec4 v0000020765151e10_0;
    %add;
    %store/vec4 v00000207651514b0_0, 0, 16;
    %jmp T_8.59;
T_8.58 ;
    %load/vec4 v00000207650ad700_0;
    %store/vec4 v00000207651514b0_0, 0, 16;
T_8.59 ;
    %load/vec4 v0000020765150830_0;
    %parti/s 2, 0, 2;
    %pad/u 4;
    %ix/vec4 4;
    %load/vec4a v0000020765151370, 4;
    %store/vec4 v0000020765150fb0_0, 0, 8;
    %jmp T_8.32;
T_8.23 ;
    %load/vec4 v0000020765150bf0_0;
    %pad/u 32;
    %cmpi/e 1, 0, 32;
    %jmp/0xz  T_8.60, 4;
    %load/vec4 v00000207650ad700_0;
    %load/vec4 v0000020765151e10_0;
    %add;
    %store/vec4 v00000207651514b0_0, 0, 16;
    %jmp T_8.61;
T_8.60 ;
    %load/vec4 v00000207650ad700_0;
    %store/vec4 v00000207651514b0_0, 0, 16;
T_8.61 ;
    %jmp T_8.32;
T_8.24 ;
    %load/vec4 v0000020765151a50_0;
    %load/vec4 v0000020765151e10_0;
    %load/vec4 v00000207650ad700_0;
    %add;
    %cmp/u;
    %jmp/1 T_8.65, 5;
    %flag_mov 9, 5;
    %load/vec4 v0000020765151e10_0;
    %load/vec4 v00000207650ad700_0;
    %add;
    %load/vec4 v0000020765151e10_0;
    %cmp/u;
    %flag_or 5, 9;
T_8.65;
    %flag_get/vec4 5;
    %jmp/0 T_8.64, 5;
    %load/vec4 v0000020765150bf0_0;
    %pad/u 32;
    %pushi/vec4 1, 0, 32;
    %cmp/e;
    %flag_get/vec4 4;
    %and;
T_8.64;
    %nor/r;
    %flag_set/vec4 8;
    %jmp/0xz  T_8.62, 8;
    %pushi/vec4 1, 0, 1;
    %store/vec4 v00000207651510f0_0, 0, 1;
T_8.62 ;
    %load/vec4 v0000020765150bf0_0;
    %pad/u 32;
    %cmpi/e 1, 0, 32;
    %jmp/0xz  T_8.66, 4;
    %load/vec4 v00000207650ad700_0;
    %load/vec4 v0000020765151e10_0;
    %add;
    %store/vec4 v00000207651514b0_0, 0, 16;
    %jmp T_8.67;
T_8.66 ;
    %load/vec4 v00000207650ad700_0;
    %store/vec4 v00000207651514b0_0, 0, 16;
T_8.67 ;
    %load/vec4 v00000207650adca0_0;
    %store/vec4 v0000020765150fb0_0, 0, 8;
    %jmp T_8.32;
T_8.25 ;
    %pushi/vec4 1, 0, 1;
    %store/vec4 v00000207651510f0_0, 0, 1;
    %load/vec4 v00000207650ad700_0;
    %store/vec4 v00000207651514b0_0, 0, 16;
    %load/vec4 v00000207650adca0_0;
    %store/vec4 v0000020765150fb0_0, 0, 8;
    %jmp T_8.32;
T_8.26 ;
    %load/vec4 v00000207650ad700_0;
    %store/vec4 v00000207651514b0_0, 0, 16;
    %jmp T_8.32;
T_8.27 ;
    %load/vec4 v0000020765150470_0;
    %store/vec4 v00000207651514b0_0, 0, 16;
    %jmp T_8.32;
T_8.28 ;
    %pushi/vec4 1, 0, 1;
    %store/vec4 v00000207651510f0_0, 0, 1;
    %load/vec4 v0000020765150470_0;
    %subi 1, 0, 16;
    %store/vec4 v00000207651514b0_0, 0, 16;
    %load/vec4 v00000207650adca0_0;
    %store/vec4 v0000020765150fb0_0, 0, 8;
    %jmp T_8.32;
T_8.29 ;
    %load/vec4 v0000020765150470_0;
    %store/vec4 v00000207651514b0_0, 0, 16;
    %jmp T_8.32;
T_8.30 ;
    %pushi/vec4 1, 0, 1;
    %store/vec4 v00000207651510f0_0, 0, 1;
    %load/vec4 v0000020765150470_0;
    %subi 1, 0, 16;
    %store/vec4 v00000207651514b0_0, 0, 16;
    %load/vec4 v00000207650adfc0_0;
    %store/vec4 v0000020765150fb0_0, 0, 8;
    %jmp T_8.32;
T_8.32 ;
    %pop/vec4 1;
T_8.2 ;
    %jmp T_8;
    .thread T_8, $push;
    .scope S_000002076504bdc0;
T_9 ;
    %wait E_00000207650714f0;
    %load/vec4 v0000020765150e70_0;
    %flag_set/vec4 9;
    %flag_get/vec4 9;
    %jmp/0 T_9.2, 9;
    %load/vec4 v0000020765151ff0_0;
    %pad/u 32;
    %pushi/vec4 0, 0, 32;
    %cmp/e;
    %flag_get/vec4 4;
    %and;
T_9.2;
    %flag_set/vec4 8;
    %jmp/0xz  T_9.0, 8;
    %pushi/vec4 1, 0, 1;
    %assign/vec4 v0000020765151ff0_0, 0;
T_9.0 ;
    %load/vec4 v0000020765150dd0_0;
    %flag_set/vec4 9;
    %flag_get/vec4 9;
    %jmp/0 T_9.5, 9;
    %load/vec4 v0000020765151f50_0;
    %pad/u 32;
    %pushi/vec4 0, 0, 32;
    %cmp/e;
    %flag_get/vec4 4;
    %and;
T_9.5;
    %flag_set/vec4 8;
    %jmp/0xz  T_9.3, 8;
    %pushi/vec4 1, 0, 1;
    %assign/vec4 v0000020765151f50_0, 0;
T_9.3 ;
    %load/vec4 v0000020765150510_0;
    %flag_set/vec4 9;
    %flag_get/vec4 9;
    %jmp/0 T_9.8, 9;
    %load/vec4 v0000020765150b50_0;
    %pad/u 32;
    %pushi/vec4 0, 0, 32;
    %cmp/e;
    %flag_get/vec4 4;
    %and;
T_9.8;
    %flag_set/vec4 8;
    %jmp/0xz  T_9.6, 8;
    %pushi/vec4 1, 0, 1;
    %assign/vec4 v0000020765150b50_0, 0;
T_9.6 ;
    %load/vec4 v0000020765151050_0;
    %pad/u 32;
    %cmpi/e 1, 0, 32;
    %jmp/0xz  T_9.9, 4;
    %load/vec4 v0000020765150d30_0;
    %assign/vec4 v0000020765150830_0, 0;
    %load/vec4 v0000020765151ff0_0;
    %flag_set/vec4 8;
    %jmp/0xz  T_9.11, 8;
    %pushi/vec4 1, 0, 1;
    %ix/load 4, 2, 0;
    %ix/load 5, 0, 0;
    %flag_set/imm 4, 0;
    %assign/vec4/off/d v00000207650ad660_0, 4, 5;
    %pushi/vec4 0, 0, 1;
    %assign/vec4 v0000020765151ff0_0, 0;
T_9.11 ;
    %load/vec4 v0000020765151f50_0;
    %flag_set/vec4 8;
    %jmp/0xz  T_9.13, 8;
    %pushi/vec4 1, 0, 1;
    %ix/load 4, 3, 0;
    %ix/load 5, 0, 0;
    %flag_set/imm 4, 0;
    %assign/vec4/off/d v00000207650ad660_0, 4, 5;
    %pushi/vec4 0, 0, 1;
    %assign/vec4 v0000020765151f50_0, 0;
T_9.13 ;
    %load/vec4 v0000020765150b50_0;
    %flag_set/vec4 8;
    %jmp/0xz  T_9.15, 8;
    %pushi/vec4 1, 0, 1;
    %ix/load 4, 4, 0;
    %ix/load 5, 0, 0;
    %flag_set/imm 4, 0;
    %assign/vec4/off/d v00000207650ad660_0, 4, 5;
    %pushi/vec4 0, 0, 1;
    %assign/vec4 v0000020765150b50_0, 0;
T_9.15 ;
    %jmp T_9.10;
T_9.9 ;
    %load/vec4 v0000020765151050_0;
    %pad/u 32;
    %cmpi/e 2, 0, 32;
    %jmp/0xz  T_9.17, 4;
    %load/vec4 v00000207650ad660_0;
    %pad/u 32;
    %cmpi/ne 0, 0, 32;
    %flag_get/vec4 4;
    %jmp/0 T_9.21, 4;
    %load/vec4 v0000020765150bf0_0;
    %pad/u 32;
    %pushi/vec4 1, 0, 32;
    %cmp/e;
    %flag_get/vec4 4;
    %and;
T_9.21;
    %flag_set/vec4 8;
    %jmp/0xz  T_9.19, 8;
    %load/vec4 v00000207650ad340_0;
    %assign/vec4 v00000207651512d0_0, 0;
    %load/vec4 v00000207651512d0_0;
    %assign/vec4 v00000207650ad980_0, 0;
    %pushi/vec4 0, 0, 1;
    %assign/vec4 v0000020765150bf0_0, 0;
    %jmp T_9.20;
T_9.19 ;
    %load/vec4 v0000020765150830_0;
    %dup/vec4;
    %pushi/vec4 0, 15, 8;
    %cmp/z;
    %jmp/1 T_9.22, 4;
    %dup/vec4;
    %pushi/vec4 16, 15, 8;
    %cmp/z;
    %jmp/1 T_9.23, 4;
    %dup/vec4;
    %pushi/vec4 32, 15, 8;
    %cmp/z;
    %jmp/1 T_9.24, 4;
    %dup/vec4;
    %pushi/vec4 48, 15, 8;
    %cmp/z;
    %jmp/1 T_9.25, 4;
    %dup/vec4;
    %pushi/vec4 64, 15, 8;
    %cmp/z;
    %jmp/1 T_9.26, 4;
    %dup/vec4;
    %pushi/vec4 80, 15, 8;
    %cmp/z;
    %jmp/1 T_9.27, 4;
    %dup/vec4;
    %pushi/vec4 96, 31, 8;
    %cmp/z;
    %jmp/1 T_9.28, 4;
    %dup/vec4;
    %pushi/vec4 128, 31, 8;
    %cmp/z;
    %jmp/1 T_9.29, 4;
    %dup/vec4;
    %pushi/vec4 160, 7, 8;
    %cmp/z;
    %jmp/1 T_9.30, 4;
    %dup/vec4;
    %pushi/vec4 168, 7, 8;
    %cmp/z;
    %jmp/1 T_9.31, 4;
    %dup/vec4;
    %pushi/vec4 192, 3, 8;
    %cmp/z;
    %jmp/1 T_9.32, 4;
    %dup/vec4;
    %pushi/vec4 196, 3, 8;
    %cmp/z;
    %jmp/1 T_9.33, 4;
    %dup/vec4;
    %pushi/vec4 208, 3, 8;
    %cmp/z;
    %jmp/1 T_9.34, 4;
    %dup/vec4;
    %pushi/vec4 212, 3, 8;
    %cmp/z;
    %jmp/1 T_9.35, 4;
    %dup/vec4;
    %pushi/vec4 216, 3, 8;
    %cmp/z;
    %jmp/1 T_9.36, 4;
    %dup/vec4;
    %pushi/vec4 220, 3, 8;
    %cmp/z;
    %jmp/1 T_9.37, 4;
    %dup/vec4;
    %pushi/vec4 234, 0, 8;
    %cmp/z;
    %jmp/1 T_9.38, 4;
    %dup/vec4;
    %pushi/vec4 235, 0, 8;
    %cmp/z;
    %jmp/1 T_9.39, 4;
    %dup/vec4;
    %pushi/vec4 236, 0, 8;
    %cmp/z;
    %jmp/1 T_9.40, 4;
    %dup/vec4;
    %pushi/vec4 237, 0, 8;
    %cmp/z;
    %jmp/1 T_9.41, 4;
    %dup/vec4;
    %pushi/vec4 238, 0, 8;
    %cmp/z;
    %jmp/1 T_9.42, 4;
    %dup/vec4;
    %pushi/vec4 239, 0, 8;
    %cmp/z;
    %jmp/1 T_9.43, 4;
    %dup/vec4;
    %pushi/vec4 246, 0, 8;
    %cmp/z;
    %jmp/1 T_9.44, 4;
    %dup/vec4;
    %pushi/vec4 247, 0, 8;
    %cmp/z;
    %jmp/1 T_9.45, 4;
    %dup/vec4;
    %pushi/vec4 248, 0, 8;
    %cmp/z;
    %jmp/1 T_9.46, 4;
    %dup/vec4;
    %pushi/vec4 249, 0, 8;
    %cmp/z;
    %jmp/1 T_9.47, 4;
    %dup/vec4;
    %pushi/vec4 250, 0, 8;
    %cmp/z;
    %jmp/1 T_9.48, 4;
    %dup/vec4;
    %pushi/vec4 251, 0, 8;
    %cmp/z;
    %jmp/1 T_9.49, 4;
    %dup/vec4;
    %pushi/vec4 252, 0, 8;
    %cmp/z;
    %jmp/1 T_9.50, 4;
    %dup/vec4;
    %pushi/vec4 253, 0, 8;
    %cmp/z;
    %jmp/1 T_9.51, 4;
    %dup/vec4;
    %pushi/vec4 254, 0, 8;
    %cmp/z;
    %jmp/1 T_9.52, 4;
    %dup/vec4;
    %pushi/vec4 255, 0, 8;
    %cmp/z;
    %jmp/1 T_9.53, 4;
    %load/vec4 v00000207650adca0_0;
    %assign/vec4 v00000207650adca0_0, 0;
    %jmp T_9.55;
T_9.22 ;
    %load/vec4 v0000020765150830_0;
    %parti/s 1, 3, 3;
    %replicate 12;
    %load/vec4 v0000020765150830_0;
    %parti/s 4, 0, 2;
    %concat/vec4; draw_concat_vec4
    %assign/vec4 v00000207650ad700_0, 0;
    %jmp T_9.55;
T_9.23 ;
    %load/vec4 v0000020765150830_0;
    %parti/s 1, 3, 3;
    %replicate 8;
    %load/vec4 v0000020765150830_0;
    %parti/s 4, 0, 2;
    %concat/vec4; draw_concat_vec4
    %load/vec4 v00000207650ad700_0;
    %parti/s 4, 0, 2;
    %concat/vec4; draw_concat_vec4
    %assign/vec4 v00000207650ad700_0, 0;
    %jmp T_9.55;
T_9.24 ;
    %load/vec4 v0000020765150830_0;
    %parti/s 1, 3, 3;
    %replicate 4;
    %load/vec4 v0000020765150830_0;
    %parti/s 4, 0, 2;
    %concat/vec4; draw_concat_vec4
    %load/vec4 v00000207650ad700_0;
    %parti/s 8, 0, 2;
    %concat/vec4; draw_concat_vec4
    %assign/vec4 v00000207650ad700_0, 0;
    %jmp T_9.55;
T_9.25 ;
    %load/vec4 v0000020765150830_0;
    %parti/s 4, 0, 2;
    %load/vec4 v00000207650ad700_0;
    %parti/s 12, 0, 2;
    %concat/vec4; draw_concat_vec4
    %assign/vec4 v00000207650ad700_0, 0;
    %jmp T_9.55;
T_9.26 ;
    %load/vec4 v0000020765150830_0;
    %parti/s 1, 3, 3;
    %replicate 4;
    %load/vec4 v0000020765150830_0;
    %parti/s 4, 0, 2;
    %concat/vec4; draw_concat_vec4
    %assign/vec4 v00000207650adca0_0, 0;
    %jmp T_9.55;
T_9.27 ;
    %load/vec4 v0000020765150830_0;
    %parti/s 4, 0, 2;
    %load/vec4 v00000207650adca0_0;
    %parti/s 4, 0, 2;
    %concat/vec4; draw_concat_vec4
    %assign/vec4 v00000207650adca0_0, 0;
    %jmp T_9.55;
T_9.28 ;
    %load/vec4 v0000020765150a10_0;
    %flag_set/vec4 8;
    %jmp/0xz  T_9.56, 8;
    %load/vec4 v0000020765150830_0;
    %parti/s 1, 1, 2;
    %pad/u 32;
    %cmpi/e 0, 0, 32;
    %jmp/0xz  T_9.58, 4;
    %load/vec4 v00000207650ad700_0;
    %assign/vec4 v00000207651512d0_0, 0;
    %jmp T_9.59;
T_9.58 ;
    %load/vec4 v0000020765151a50_0;
    %load/vec4 v00000207651512d0_0;
    %load/vec4 v00000207650ad700_0;
    %add;
    %cmp/u;
    %jmp/1 T_9.63, 5;
    %flag_mov 9, 5;
    %load/vec4 v00000207651512d0_0;
    %load/vec4 v00000207650ad700_0;
    %add;
    %load/vec4 v0000020765151e10_0;
    %cmp/u;
    %flag_or 5, 9;
T_9.63;
    %flag_get/vec4 5;
    %jmp/0 T_9.62, 5;
    %load/vec4 v0000020765150bf0_0;
    %pad/u 32;
    %pushi/vec4 1, 0, 32;
    %cmp/e;
    %flag_get/vec4 4;
    %and;
T_9.62;
    %flag_set/vec4 8;
    %jmp/0xz  T_9.60, 8;
    %pushi/vec4 1, 0, 1;
    %ix/load 4, 1, 0;
    %ix/load 5, 0, 0;
    %flag_set/imm 4, 0;
    %assign/vec4/off/d v00000207650ad660_0, 4, 5;
    %jmp T_9.61;
T_9.60 ;
    %load/vec4 v00000207651512d0_0;
    %load/vec4 v00000207650ad700_0;
    %add;
    %assign/vec4 v00000207651512d0_0, 0;
T_9.61 ;
T_9.59 ;
    %load/vec4 v0000020765150830_0;
    %parti/s 1, 0, 2;
    %pad/u 32;
    %cmpi/e 1, 0, 32;
    %jmp/0xz  T_9.64, 4;
    %load/vec4 v00000207651512d0_0;
    %addi 1, 0, 16;
    %assign/vec4 v0000020765150330_0, 0;
T_9.64 ;
    %jmp T_9.57;
T_9.56 ;
    %load/vec4 v00000207651512d0_0;
    %addi 1, 0, 16;
    %assign/vec4 v00000207651512d0_0, 0;
T_9.57 ;
    %jmp T_9.55;
T_9.29 ;
    %load/vec4 v00000207650ad5c0_0;
    %assign/vec4 v00000207650adca0_0, 0;
    %load/vec4 v0000020765150830_0;
    %parti/s 3, 2, 3;
    %dup/vec4;
    %pushi/vec4 0, 0, 3;
    %cmp/z;
    %jmp/1 T_9.66, 4;
    %dup/vec4;
    %pushi/vec4 1, 0, 3;
    %cmp/z;
    %jmp/1 T_9.67, 4;
    %dup/vec4;
    %pushi/vec4 2, 0, 3;
    %cmp/z;
    %jmp/1 T_9.68, 4;
    %dup/vec4;
    %pushi/vec4 3, 0, 3;
    %cmp/z;
    %jmp/1 T_9.69, 4;
    %dup/vec4;
    %pushi/vec4 4, 0, 3;
    %cmp/z;
    %jmp/1 T_9.70, 4;
    %dup/vec4;
    %pushi/vec4 5, 0, 3;
    %cmp/z;
    %jmp/1 T_9.71, 4;
    %dup/vec4;
    %pushi/vec4 6, 0, 3;
    %cmp/z;
    %jmp/1 T_9.72, 4;
    %dup/vec4;
    %pushi/vec4 7, 0, 3;
    %cmp/z;
    %jmp/1 T_9.73, 4;
    %jmp T_9.74;
T_9.66 ;
    %load/vec4 v00000207650ad5c0_0;
    %pad/u 32;
    %pushi/vec4 0, 0, 32;
    %cmp/e;
    %flag_get/vec4 4;
    %ix/load 4, 0, 0;
    %ix/load 5, 0, 0;
    %flag_set/imm 4, 0;
    %assign/vec4/off/d v00000207650adfc0_0, 4, 5;
    %load/vec4 v00000207650ad5c0_0;
    %parti/s 1, 7, 4;
    %ix/load 4, 1, 0;
    %ix/load 5, 0, 0;
    %flag_set/imm 4, 0;
    %assign/vec4/off/d v00000207650adfc0_0, 4, 5;
    %load/vec4 v00000207650ad5c0_0;
    %load/vec4 v0000020765150830_0;
    %parti/s 2, 0, 2;
    %pad/u 4;
    %ix/vec4 4;
    %load/vec4a v0000020765151370, 4;
    %cmp/u;
    %flag_get/vec4 5;
    %ix/load 4, 2, 0;
    %ix/load 5, 0, 0;
    %flag_set/imm 4, 0;
    %assign/vec4/off/d v00000207650adfc0_0, 4, 5;
    %load/vec4 v00000207650adca0_0;
    %parti/s 1, 7, 4;
    %load/vec4 v0000020765150830_0;
    %parti/s 2, 0, 2;
    %pad/u 4;
    %ix/vec4 4;
    %load/vec4a v0000020765151370, 4;
    %parti/s 1, 7, 4;
    %cmp/e;
    %flag_get/vec4 4;
    %jmp/0 T_9.75, 4;
    %load/vec4 v00000207650ad5c0_0;
    %parti/s 1, 7, 4;
    %load/vec4 v00000207650adca0_0;
    %parti/s 1, 7, 4;
    %cmp/ne;
    %flag_get/vec4 4;
    %and;
T_9.75;
    %ix/load 4, 3, 0;
    %ix/load 5, 0, 0;
    %flag_set/imm 4, 0;
    %assign/vec4/off/d v00000207650adfc0_0, 4, 5;
    %jmp T_9.74;
T_9.67 ;
    %load/vec4 v00000207650ad5c0_0;
    %pad/u 32;
    %pushi/vec4 0, 0, 32;
    %cmp/e;
    %flag_get/vec4 4;
    %ix/load 4, 0, 0;
    %ix/load 5, 0, 0;
    %flag_set/imm 4, 0;
    %assign/vec4/off/d v00000207650adfc0_0, 4, 5;
    %load/vec4 v00000207650ad5c0_0;
    %parti/s 1, 7, 4;
    %ix/load 4, 1, 0;
    %ix/load 5, 0, 0;
    %flag_set/imm 4, 0;
    %assign/vec4/off/d v00000207650adfc0_0, 4, 5;
    %load/vec4 v0000020765150830_0;
    %parti/s 2, 0, 2;
    %pad/u 4;
    %ix/vec4 4;
    %load/vec4a v0000020765151370, 4;
    %load/vec4 v00000207650adca0_0;
    %cmp/u;
    %flag_get/vec4 4;
    %flag_get/vec4 5;
    %or;
    %ix/load 4, 2, 0;
    %ix/load 5, 0, 0;
    %flag_set/imm 4, 0;
    %assign/vec4/off/d v00000207650adfc0_0, 4, 5;
    %load/vec4 v00000207650adca0_0;
    %parti/s 1, 7, 4;
    %load/vec4 v0000020765150830_0;
    %parti/s 2, 0, 2;
    %pad/u 4;
    %ix/vec4 4;
    %load/vec4a v0000020765151370, 4;
    %parti/s 1, 7, 4;
    %cmp/ne;
    %flag_get/vec4 4;
    %jmp/0 T_9.76, 4;
    %load/vec4 v00000207650ad5c0_0;
    %parti/s 1, 7, 4;
    %load/vec4 v00000207650adca0_0;
    %parti/s 1, 7, 4;
    %cmp/ne;
    %flag_get/vec4 4;
    %and;
T_9.76;
    %ix/load 4, 3, 0;
    %ix/load 5, 0, 0;
    %flag_set/imm 4, 0;
    %assign/vec4/off/d v00000207650adfc0_0, 4, 5;
    %jmp T_9.74;
T_9.68 ;
    %load/vec4 v00000207651508d0_0;
    %or/r;
    %ix/load 4, 2, 0;
    %ix/load 5, 0, 0;
    %flag_set/imm 4, 0;
    %assign/vec4/off/d v00000207650adfc0_0, 4, 5;
    %jmp T_9.74;
T_9.69 ;
    %load/vec4 v00000207651508d0_0;
    %or/r;
    %ix/load 4, 2, 0;
    %ix/load 5, 0, 0;
    %flag_set/imm 4, 0;
    %assign/vec4/off/d v00000207650adfc0_0, 4, 5;
    %jmp T_9.74;
T_9.70 ;
    %load/vec4 v00000207651508d0_0;
    %or/r;
    %ix/load 4, 2, 0;
    %ix/load 5, 0, 0;
    %flag_set/imm 4, 0;
    %assign/vec4/off/d v00000207650adfc0_0, 4, 5;
    %jmp T_9.74;
T_9.71 ;
    %load/vec4 v00000207650ad5c0_0;
    %pad/u 32;
    %pushi/vec4 0, 0, 32;
    %cmp/e;
    %flag_get/vec4 4;
    %ix/load 4, 0, 0;
    %ix/load 5, 0, 0;
    %flag_set/imm 4, 0;
    %assign/vec4/off/d v00000207650adfc0_0, 4, 5;
    %jmp T_9.74;
T_9.72 ;
    %load/vec4 v00000207650ad5c0_0;
    %pad/u 32;
    %pushi/vec4 0, 0, 32;
    %cmp/e;
    %flag_get/vec4 4;
    %ix/load 4, 0, 0;
    %ix/load 5, 0, 0;
    %flag_set/imm 4, 0;
    %assign/vec4/off/d v00000207650adfc0_0, 4, 5;
    %jmp T_9.74;
T_9.73 ;
    %load/vec4 v00000207650ad5c0_0;
    %pad/u 32;
    %pushi/vec4 0, 0, 32;
    %cmp/e;
    %flag_get/vec4 4;
    %ix/load 4, 0, 0;
    %ix/load 5, 0, 0;
    %flag_set/imm 4, 0;
    %assign/vec4/off/d v00000207650adfc0_0, 4, 5;
    %jmp T_9.74;
T_9.74 ;
    %pop/vec4 1;
    %jmp T_9.55;
T_9.30 ;
    %load/vec4 v00000207650adca0_0;
    %load/vec4 v0000020765150830_0;
    %parti/s 3, 0, 2;
    %ix/vec4 4;
    %shiftl 4;
    %assign/vec4 v00000207650adca0_0, 0;
    %load/vec4 v00000207651508d0_0;
    %or/r;
    %ix/load 4, 2, 0;
    %ix/load 5, 0, 0;
    %flag_set/imm 4, 0;
    %assign/vec4/off/d v00000207650adfc0_0, 4, 5;
    %jmp T_9.55;
T_9.31 ;
    %load/vec4 v00000207650adca0_0;
    %load/vec4 v0000020765150830_0;
    %parti/s 3, 0, 2;
    %ix/vec4 4;
    %shiftr 4;
    %assign/vec4 v00000207650adca0_0, 0;
    %load/vec4 v00000207651508d0_0;
    %or/r;
    %ix/load 4, 2, 0;
    %ix/load 5, 0, 0;
    %flag_set/imm 4, 0;
    %assign/vec4/off/d v00000207650adfc0_0, 4, 5;
    %jmp T_9.55;
T_9.32 ;
    %load/vec4 v0000020765150830_0;
    %parti/s 2, 0, 2;
    %pad/u 4;
    %ix/vec4 4;
    %load/vec4a v0000020765151370, 4;
    %assign/vec4 v00000207650adca0_0, 0;
    %jmp T_9.55;
T_9.33 ;
    %load/vec4 v00000207650adca0_0;
    %load/vec4 v0000020765150830_0;
    %parti/s 2, 0, 2;
    %pad/u 4;
    %ix/vec4 3;
    %ix/load 4, 0, 0; Constant delay
    %assign/vec4/a/d v0000020765151370, 0, 4;
    %jmp T_9.55;
T_9.34 ;
    %load/vec4 v00000207650ad5c0_0;
    %pad/u 32;
    %pushi/vec4 0, 0, 32;
    %cmp/e;
    %flag_get/vec4 4;
    %ix/load 4, 0, 0;
    %ix/load 5, 0, 0;
    %flag_set/imm 4, 0;
    %assign/vec4/off/d v00000207650adfc0_0, 4, 5;
    %load/vec4 v00000207650ad5c0_0;
    %parti/s 1, 7, 4;
    %ix/load 4, 1, 0;
    %ix/load 5, 0, 0;
    %flag_set/imm 4, 0;
    %assign/vec4/off/d v00000207650adfc0_0, 4, 5;
    %load/vec4 v0000020765150830_0;
    %parti/s 2, 0, 2;
    %pad/u 4;
    %ix/vec4 4;
    %load/vec4a v0000020765151370, 4;
    %load/vec4 v00000207650adca0_0;
    %cmp/u;
    %flag_get/vec4 4;
    %flag_get/vec4 5;
    %or;
    %ix/load 4, 2, 0;
    %ix/load 5, 0, 0;
    %flag_set/imm 4, 0;
    %assign/vec4/off/d v00000207650adfc0_0, 4, 5;
    %load/vec4 v00000207650adca0_0;
    %parti/s 1, 7, 4;
    %load/vec4 v0000020765150830_0;
    %parti/s 2, 0, 2;
    %pad/u 4;
    %ix/vec4 4;
    %load/vec4a v0000020765151370, 4;
    %parti/s 1, 7, 4;
    %cmp/ne;
    %flag_get/vec4 4;
    %jmp/0 T_9.77, 4;
    %load/vec4 v00000207650ad5c0_0;
    %parti/s 1, 7, 4;
    %load/vec4 v00000207650adca0_0;
    %parti/s 1, 7, 4;
    %cmp/ne;
    %flag_get/vec4 4;
    %and;
T_9.77;
    %ix/load 4, 3, 0;
    %ix/load 5, 0, 0;
    %flag_set/imm 4, 0;
    %assign/vec4/off/d v00000207650adfc0_0, 4, 5;
    %load/vec4 v00000207650ad5c0_0;
    %load/vec4 v0000020765150830_0;
    %parti/s 2, 0, 2;
    %pad/u 4;
    %ix/vec4 3;
    %ix/load 4, 0, 0; Constant delay
    %assign/vec4/a/d v0000020765151370, 0, 4;
    %jmp T_9.55;
T_9.35 ;
    %load/vec4 v00000207650ad5c0_0;
    %pad/u 32;
    %pushi/vec4 0, 0, 32;
    %cmp/e;
    %flag_get/vec4 4;
    %ix/load 4, 0, 0;
    %ix/load 5, 0, 0;
    %flag_set/imm 4, 0;
    %assign/vec4/off/d v00000207650adfc0_0, 4, 5;
    %load/vec4 v00000207650ad5c0_0;
    %parti/s 1, 7, 4;
    %ix/load 4, 1, 0;
    %ix/load 5, 0, 0;
    %flag_set/imm 4, 0;
    %assign/vec4/off/d v00000207650adfc0_0, 4, 5;
    %load/vec4 v00000207650ad5c0_0;
    %load/vec4 v0000020765150830_0;
    %parti/s 2, 0, 2;
    %pad/u 4;
    %ix/vec4 4;
    %load/vec4a v0000020765151370, 4;
    %cmp/u;
    %flag_get/vec4 5;
    %ix/load 4, 2, 0;
    %ix/load 5, 0, 0;
    %flag_set/imm 4, 0;
    %assign/vec4/off/d v00000207650adfc0_0, 4, 5;
    %load/vec4 v00000207650adca0_0;
    %parti/s 1, 7, 4;
    %load/vec4 v0000020765150830_0;
    %parti/s 2, 0, 2;
    %pad/u 4;
    %ix/vec4 4;
    %load/vec4a v0000020765151370, 4;
    %parti/s 1, 7, 4;
    %cmp/e;
    %flag_get/vec4 4;
    %jmp/0 T_9.78, 4;
    %load/vec4 v00000207650ad5c0_0;
    %parti/s 1, 7, 4;
    %load/vec4 v00000207650adca0_0;
    %parti/s 1, 7, 4;
    %cmp/ne;
    %flag_get/vec4 4;
    %and;
T_9.78;
    %ix/load 4, 3, 0;
    %ix/load 5, 0, 0;
    %flag_set/imm 4, 0;
    %assign/vec4/off/d v00000207650adfc0_0, 4, 5;
    %load/vec4 v00000207650ad5c0_0;
    %load/vec4 v0000020765150830_0;
    %parti/s 2, 0, 2;
    %pad/u 4;
    %ix/vec4 3;
    %ix/load 4, 0, 0; Constant delay
    %assign/vec4/a/d v0000020765151370, 0, 4;
    %jmp T_9.55;
T_9.36 ;
    %load/vec4 v0000020765150830_0;
    %parti/s 2, 0, 2;
    %pad/u 4;
    %ix/vec4 4;
    %load/vec4a v0000020765151370, 4;
    %parti/s 1, 7, 4;
    %replicate 8;
    %load/vec4 v0000020765150830_0;
    %parti/s 2, 0, 2;
    %pad/u 4;
    %ix/vec4 4;
    %load/vec4a v0000020765151370, 4;
    %concat/vec4; draw_concat_vec4
    %assign/vec4 v00000207650ad700_0, 0;
    %jmp T_9.55;
T_9.37 ;
    %load/vec4 v0000020765150830_0;
    %parti/s 2, 0, 2;
    %pad/u 4;
    %ix/vec4 4;
    %load/vec4a v0000020765151370, 4;
    %load/vec4 v00000207650ad700_0;
    %parti/s 8, 0, 2;
    %concat/vec4; draw_concat_vec4
    %assign/vec4 v00000207650ad700_0, 0;
    %jmp T_9.55;
T_9.38 ;
    %pushi/vec4 0, 0, 1;
    %store/vec4 v0000020765150bf0_0, 0, 1;
    %jmp T_9.55;
T_9.39 ;
    %pushi/vec4 1, 0, 1;
    %store/vec4 v0000020765150bf0_0, 0, 1;
    %jmp T_9.55;
T_9.40 ;
    %load/vec4 v00000207650ad700_0;
    %assign/vec4 v0000020765151e10_0, 0;
    %jmp T_9.55;
T_9.41 ;
    %load/vec4 v00000207650ad980_0;
    %assign/vec4 v00000207651512d0_0, 0;
    %pushi/vec4 1, 0, 1;
    %assign/vec4 v0000020765150bf0_0, 0;
    %jmp T_9.55;
T_9.42 ;
    %load/vec4 v0000020765150bf0_0;
    %pad/u 32;
    %cmpi/e 0, 0, 32;
    %jmp/0xz  T_9.79, 4;
    %load/vec4 v00000207650ad660_0;
    %assign/vec4 v00000207650adca0_0, 0;
T_9.79 ;
    %jmp T_9.55;
T_9.43 ;
    %load/vec4 v0000020765150bf0_0;
    %pad/u 32;
    %cmpi/e 0, 0, 32;
    %jmp/0xz  T_9.81, 4;
    %load/vec4 v00000207650adca0_0;
    %assign/vec4 v00000207650ad660_0, 0;
    %jmp T_9.82;
T_9.81 ;
    %pushi/vec4 1, 0, 1;
    %ix/load 4, 0, 0;
    %ix/load 5, 0, 0;
    %flag_set/imm 4, 0;
    %assign/vec4/off/d v00000207650ad660_0, 4, 5;
T_9.82 ;
    %jmp T_9.55;
T_9.44 ;
    %load/vec4 v00000207650ad700_0;
    %subi 1, 0, 16;
    %assign/vec4 v00000207650ad700_0, 0;
    %jmp T_9.55;
T_9.45 ;
    %load/vec4 v00000207650ad700_0;
    %addi 1, 0, 16;
    %assign/vec4 v00000207650ad700_0, 0;
    %jmp T_9.55;
T_9.46 ;
    %load/vec4 v00000207650ad700_0;
    %assign/vec4 v0000020765150470_0, 0;
    %jmp T_9.55;
T_9.47 ;
    %load/vec4 v0000020765150470_0;
    %assign/vec4 v00000207650ad700_0, 0;
    %jmp T_9.55;
T_9.48 ;
    %load/vec4 v0000020765150330_0;
    %assign/vec4 v00000207651512d0_0, 0;
    %jmp T_9.55;
T_9.49 ;
    %load/vec4 v00000207650ad700_0;
    %assign/vec4 v0000020765151a50_0, 0;
    %jmp T_9.55;
T_9.50 ;
    %load/vec4 v00000207650adca0_0;
    %assign/vec4 v00000207650adca0_0, 0;
    %jmp T_9.55;
T_9.51 ;
    %load/vec4 v00000207650ad700_0;
    %assign/vec4 v00000207650ad980_0, 0;
    %jmp T_9.55;
T_9.52 ;
    %load/vec4 v00000207650ad700_0;
    %load/vec4 v00000207650adca0_0;
    %parti/s 1, 7, 4;
    %replicate 8;
    %load/vec4 v00000207650adca0_0;
    %concat/vec4; draw_concat_vec4
    %add;
    %assign/vec4 v00000207650ad700_0, 0;
    %jmp T_9.55;
T_9.53 ;
    %load/vec4 v00000207650ad700_0;
    %assign/vec4 v00000207650ad340_0, 0;
    %jmp T_9.55;
T_9.55 ;
    %pop/vec4 1;
    %load/vec4 v0000020765150830_0;
    %parti/s 3, 5, 4;
    %cmpi/ne 3, 0, 3;
    %flag_get/vec4 4;
    %jmp/0 T_9.86, 4;
    %load/vec4 v0000020765150830_0;
    %pushi/vec4 250, 0, 8;
    %cmp/ne;
    %flag_get/vec4 4;
    %and;
T_9.86;
    %flag_set/vec4 9;
    %flag_get/vec4 9;
    %jmp/0 T_9.85, 9;
    %load/vec4 v0000020765150830_0;
    %pushi/vec4 237, 0, 8;
    %cmp/ne;
    %flag_get/vec4 4;
    %and;
T_9.85;
    %flag_set/vec4 8;
    %jmp/0xz  T_9.83, 8;
    %load/vec4 v00000207651512d0_0;
    %addi 1, 0, 16;
    %assign/vec4 v00000207651512d0_0, 0;
T_9.83 ;
T_9.20 ;
    %jmp T_9.18;
T_9.17 ;
    %load/vec4 v0000020765151050_0;
    %pad/u 32;
    %cmpi/e 3, 0, 32;
    %jmp/0xz  T_9.87, 4;
    %load/vec4 v0000020765150830_0;
    %dup/vec4;
    %pushi/vec4 176, 3, 8;
    %cmp/z;
    %jmp/1 T_9.89, 4;
    %dup/vec4;
    %pushi/vec4 180, 3, 8;
    %cmp/z;
    %jmp/1 T_9.90, 4;
    %dup/vec4;
    %pushi/vec4 184, 0, 8;
    %cmp/z;
    %jmp/1 T_9.91, 4;
    %dup/vec4;
    %pushi/vec4 185, 0, 8;
    %cmp/z;
    %jmp/1 T_9.92, 4;
    %dup/vec4;
    %pushi/vec4 186, 0, 8;
    %cmp/z;
    %jmp/1 T_9.93, 4;
    %dup/vec4;
    %pushi/vec4 187, 0, 8;
    %cmp/z;
    %jmp/1 T_9.94, 4;
    %dup/vec4;
    %pushi/vec4 188, 3, 8;
    %cmp/z;
    %jmp/1 T_9.95, 4;
    %dup/vec4;
    %pushi/vec4 200, 3, 8;
    %cmp/z;
    %jmp/1 T_9.96, 4;
    %dup/vec4;
    %pushi/vec4 204, 3, 8;
    %cmp/z;
    %jmp/1 T_9.97, 4;
    %dup/vec4;
    %pushi/vec4 224, 3, 8;
    %cmp/z;
    %jmp/1 T_9.98, 4;
    %dup/vec4;
    %pushi/vec4 228, 3, 8;
    %cmp/z;
    %jmp/1 T_9.99, 4;
    %dup/vec4;
    %pushi/vec4 232, 0, 8;
    %cmp/z;
    %jmp/1 T_9.100, 4;
    %dup/vec4;
    %pushi/vec4 233, 0, 8;
    %cmp/z;
    %jmp/1 T_9.101, 4;
    %dup/vec4;
    %pushi/vec4 240, 0, 8;
    %cmp/z;
    %jmp/1 T_9.102, 4;
    %dup/vec4;
    %pushi/vec4 241, 0, 8;
    %cmp/z;
    %jmp/1 T_9.103, 4;
    %dup/vec4;
    %pushi/vec4 242, 0, 8;
    %cmp/z;
    %jmp/1 T_9.104, 4;
    %dup/vec4;
    %pushi/vec4 243, 0, 8;
    %cmp/z;
    %jmp/1 T_9.105, 4;
    %dup/vec4;
    %pushi/vec4 244, 0, 8;
    %cmp/z;
    %jmp/1 T_9.106, 4;
    %dup/vec4;
    %pushi/vec4 245, 0, 8;
    %cmp/z;
    %jmp/1 T_9.107, 4;
    %jmp T_9.108;
T_9.89 ;
    %load/vec4 v0000020765150d30_0;
    %load/vec4 v0000020765150830_0;
    %parti/s 2, 0, 2;
    %pad/u 4;
    %ix/vec4 3;
    %ix/load 4, 0, 0; Constant delay
    %assign/vec4/a/d v0000020765151370, 0, 4;
    %load/vec4 v0000020765150470_0;
    %addi 1, 0, 16;
    %assign/vec4 v0000020765150470_0, 0;
    %jmp T_9.108;
T_9.90 ;
    %load/vec4 v0000020765150470_0;
    %subi 1, 0, 16;
    %assign/vec4 v0000020765150470_0, 0;
    %jmp T_9.108;
T_9.91 ;
    %load/vec4 v0000020765150d30_0;
    %replicate 8;
    %load/vec4 v0000020765150d30_0;
    %concat/vec4; draw_concat_vec4
    %pad/u 16;
    %assign/vec4 v0000020765150330_0, 0;
    %load/vec4 v0000020765150470_0;
    %addi 1, 0, 16;
    %assign/vec4 v0000020765150470_0, 0;
    %jmp T_9.108;
T_9.92 ;
    %load/vec4 v0000020765150d30_0;
    %load/vec4 v0000020765150330_0;
    %parti/s 8, 0, 2;
    %concat/vec4; draw_concat_vec4
    %assign/vec4 v0000020765150330_0, 0;
    %load/vec4 v0000020765150470_0;
    %addi 1, 0, 16;
    %assign/vec4 v0000020765150470_0, 0;
    %jmp T_9.108;
T_9.93 ;
    %load/vec4 v0000020765150d30_0;
    %replicate 8;
    %load/vec4 v0000020765150d30_0;
    %concat/vec4; draw_concat_vec4
    %pad/u 16;
    %assign/vec4 v00000207650ad700_0, 0;
    %load/vec4 v0000020765150470_0;
    %addi 1, 0, 16;
    %assign/vec4 v0000020765150470_0, 0;
    %jmp T_9.108;
T_9.94 ;
    %load/vec4 v0000020765150d30_0;
    %load/vec4 v00000207650ad700_0;
    %parti/s 8, 0, 2;
    %concat/vec4; draw_concat_vec4
    %assign/vec4 v00000207650ad700_0, 0;
    %load/vec4 v0000020765150470_0;
    %addi 1, 0, 16;
    %assign/vec4 v0000020765150470_0, 0;
    %jmp T_9.108;
T_9.95 ;
    %load/vec4 v0000020765150470_0;
    %subi 1, 0, 16;
    %assign/vec4 v0000020765150470_0, 0;
    %jmp T_9.108;
T_9.96 ;
    %load/vec4 v0000020765150d30_0;
    %load/vec4 v0000020765150830_0;
    %parti/s 2, 0, 2;
    %pad/u 4;
    %ix/vec4 3;
    %ix/load 4, 0, 0; Constant delay
    %assign/vec4/a/d v0000020765151370, 0, 4;
    %jmp T_9.108;
T_9.97 ;
    %load/vec4 v00000207650adca0_0;
    %assign/vec4 v00000207650adca0_0, 0;
    %jmp T_9.108;
T_9.98 ;
    %load/vec4 v0000020765151a50_0;
    %load/vec4 v0000020765151e10_0;
    %load/vec4 v00000207650ad700_0;
    %add;
    %cmp/u;
    %jmp/1 T_9.112, 5;
    %flag_mov 9, 5;
    %load/vec4 v0000020765151e10_0;
    %load/vec4 v00000207650ad700_0;
    %add;
    %load/vec4 v0000020765151e10_0;
    %cmp/u;
    %flag_or 5, 9;
T_9.112;
    %flag_get/vec4 5;
    %jmp/0 T_9.111, 5;
    %load/vec4 v0000020765150bf0_0;
    %pad/u 32;
    %pushi/vec4 1, 0, 32;
    %cmp/e;
    %flag_get/vec4 4;
    %and;
T_9.111;
    %flag_set/vec4 8;
    %jmp/0xz  T_9.109, 8;
    %pushi/vec4 1, 0, 1;
    %ix/load 4, 1, 0;
    %ix/load 5, 0, 0;
    %flag_set/imm 4, 0;
    %assign/vec4/off/d v00000207650ad660_0, 4, 5;
    %jmp T_9.110;
T_9.109 ;
    %load/vec4 v0000020765150d30_0;
    %load/vec4 v0000020765150830_0;
    %parti/s 2, 0, 2;
    %pad/u 4;
    %ix/vec4 3;
    %ix/load 4, 0, 0; Constant delay
    %assign/vec4/a/d v0000020765151370, 0, 4;
T_9.110 ;
    %jmp T_9.108;
T_9.99 ;
    %load/vec4 v0000020765151a50_0;
    %load/vec4 v0000020765151e10_0;
    %load/vec4 v00000207650ad700_0;
    %add;
    %cmp/u;
    %jmp/1 T_9.116, 5;
    %flag_mov 9, 5;
    %load/vec4 v0000020765151e10_0;
    %load/vec4 v00000207650ad700_0;
    %add;
    %load/vec4 v0000020765151e10_0;
    %cmp/u;
    %flag_or 5, 9;
T_9.116;
    %flag_get/vec4 5;
    %jmp/0 T_9.115, 5;
    %load/vec4 v0000020765150bf0_0;
    %pad/u 32;
    %pushi/vec4 1, 0, 32;
    %cmp/e;
    %flag_get/vec4 4;
    %and;
T_9.115;
    %flag_set/vec4 8;
    %jmp/0xz  T_9.113, 8;
    %pushi/vec4 1, 0, 1;
    %ix/load 4, 1, 0;
    %ix/load 5, 0, 0;
    %flag_set/imm 4, 0;
    %assign/vec4/off/d v00000207650ad660_0, 4, 5;
T_9.113 ;
    %jmp T_9.108;
T_9.100 ;
    %load/vec4 v0000020765151a50_0;
    %load/vec4 v0000020765151e10_0;
    %load/vec4 v00000207650ad700_0;
    %add;
    %cmp/u;
    %jmp/1 T_9.120, 5;
    %flag_mov 9, 5;
    %load/vec4 v0000020765151e10_0;
    %load/vec4 v00000207650ad700_0;
    %add;
    %load/vec4 v0000020765151e10_0;
    %cmp/u;
    %flag_or 5, 9;
T_9.120;
    %flag_get/vec4 5;
    %jmp/0 T_9.119, 5;
    %load/vec4 v0000020765150bf0_0;
    %pad/u 32;
    %pushi/vec4 1, 0, 32;
    %cmp/e;
    %flag_get/vec4 4;
    %and;
T_9.119;
    %flag_set/vec4 8;
    %jmp/0xz  T_9.117, 8;
    %pushi/vec4 1, 0, 1;
    %ix/load 4, 1, 0;
    %ix/load 5, 0, 0;
    %flag_set/imm 4, 0;
    %assign/vec4/off/d v00000207650ad660_0, 4, 5;
    %jmp T_9.118;
T_9.117 ;
    %load/vec4 v0000020765150d30_0;
    %assign/vec4 v00000207650adca0_0, 0;
T_9.118 ;
    %jmp T_9.108;
T_9.101 ;
    %load/vec4 v0000020765151a50_0;
    %load/vec4 v0000020765151e10_0;
    %load/vec4 v00000207650ad700_0;
    %add;
    %cmp/u;
    %jmp/1 T_9.124, 5;
    %flag_mov 9, 5;
    %load/vec4 v0000020765151e10_0;
    %load/vec4 v00000207650ad700_0;
    %add;
    %load/vec4 v0000020765151e10_0;
    %cmp/u;
    %flag_or 5, 9;
T_9.124;
    %flag_get/vec4 5;
    %jmp/0 T_9.123, 5;
    %load/vec4 v0000020765150bf0_0;
    %pad/u 32;
    %pushi/vec4 1, 0, 32;
    %cmp/e;
    %flag_get/vec4 4;
    %and;
T_9.123;
    %flag_set/vec4 8;
    %jmp/0xz  T_9.121, 8;
    %pushi/vec4 1, 0, 1;
    %ix/load 4, 1, 0;
    %ix/load 5, 0, 0;
    %flag_set/imm 4, 0;
    %assign/vec4/off/d v00000207650ad660_0, 4, 5;
T_9.121 ;
    %jmp T_9.108;
T_9.102 ;
    %load/vec4 v0000020765150d30_0;
    %assign/vec4 v00000207650adca0_0, 0;
    %jmp T_9.108;
T_9.103 ;
    %load/vec4 v00000207650adca0_0;
    %assign/vec4 v00000207650adca0_0, 0;
    %jmp T_9.108;
T_9.104 ;
    %load/vec4 v0000020765150d30_0;
    %assign/vec4 v00000207650adca0_0, 0;
    %load/vec4 v0000020765150470_0;
    %addi 1, 0, 16;
    %assign/vec4 v0000020765150470_0, 0;
    %jmp T_9.108;
T_9.105 ;
    %load/vec4 v0000020765150470_0;
    %subi 1, 0, 16;
    %assign/vec4 v0000020765150470_0, 0;
    %jmp T_9.108;
T_9.106 ;
    %load/vec4 v0000020765150d30_0;
    %assign/vec4 v00000207650adfc0_0, 0;
    %load/vec4 v0000020765150470_0;
    %addi 1, 0, 16;
    %assign/vec4 v0000020765150470_0, 0;
    %jmp T_9.108;
T_9.107 ;
    %load/vec4 v0000020765150470_0;
    %subi 1, 0, 16;
    %assign/vec4 v0000020765150470_0, 0;
    %jmp T_9.108;
T_9.108 ;
    %pop/vec4 1;
T_9.87 ;
T_9.18 ;
T_9.10 ;
    %load/vec4 v00000207651510f0_0;
    %flag_set/vec4 8;
    %jmp/0xz  T_9.125, 8;
    %load/vec4 v00000207651514b0_0;
    %pad/u 32;
    %cmpi/u 900, 0, 32;
    %jmp/0xz  T_9.127, 5;
    %load/vec4 v0000020765150fb0_0;
    %ix/getv 3, v00000207651514b0_0;
    %ix/load 4, 0, 0; Constant delay
    %assign/vec4/a/d v0000020765151410, 0, 4;
    %jmp T_9.128;
T_9.127 ;
    %load/vec4 v00000207651514b0_0;
    %pad/u 32;
    %cmpi/e 999, 0, 32;
    %jmp/0xz  T_9.129, 4;
    %load/vec4 v0000020765150fb0_0;
    %assign/vec4 v00000207650ada20_0, 0;
    %jmp T_9.130;
T_9.129 ;
    %load/vec4 v00000207651514b0_0;
    %pad/u 32;
    %cmpi/e 990, 0, 32;
    %jmp/0xz  T_9.131, 4;
    %load/vec4 v0000020765150fb0_0;
    %assign/vec4 v00000207651506f0_0, 0;
    %jmp T_9.132;
T_9.131 ;
    %load/vec4 v00000207651514b0_0;
    %pad/u 32;
    %cmpi/e 991, 0, 32;
    %jmp/0xz  T_9.133, 4;
    %load/vec4 v0000020765150fb0_0;
    %assign/vec4 v0000020765151550_0, 0;
    %jmp T_9.134;
T_9.133 ;
    %load/vec4 v00000207651514b0_0;
    %pad/u 32;
    %cmpi/e 993, 0, 32;
    %jmp/0xz  T_9.135, 4;
    %load/vec4 v0000020765150fb0_0;
    %assign/vec4 v00000207651515f0_0, 0;
    %jmp T_9.136;
T_9.135 ;
    %load/vec4 v00000207651514b0_0;
    %pad/u 32;
    %cmpi/e 994, 0, 32;
    %jmp/0xz  T_9.137, 4;
    %load/vec4 v0000020765150fb0_0;
    %assign/vec4 v00000207651503d0_0, 0;
T_9.137 ;
T_9.136 ;
T_9.134 ;
T_9.132 ;
T_9.130 ;
T_9.128 ;
T_9.125 ;
    %load/vec4 v00000207651514b0_0;
    %pad/u 32;
    %cmpi/u 900, 0, 32;
    %jmp/0xz  T_9.139, 5;
    %ix/getv 4, v00000207651514b0_0;
    %load/vec4a v0000020765151410, 4;
    %assign/vec4 v0000020765150d30_0, 0;
    %jmp T_9.140;
T_9.139 ;
    %load/vec4 v00000207651514b0_0;
    %pad/u 32;
    %cmpi/e 998, 0, 32;
    %jmp/0xz  T_9.141, 4;
    %load/vec4 v0000020765150290_0;
    %assign/vec4 v0000020765150d30_0, 0;
    %jmp T_9.142;
T_9.141 ;
    %load/vec4 v00000207651514b0_0;
    %pad/u 32;
    %cmpi/e 992, 0, 32;
    %jmp/0xz  T_9.143, 4;
    %load/vec4 v0000020765150ab0_0;
    %assign/vec4 v0000020765150d30_0, 0;
    %jmp T_9.144;
T_9.143 ;
    %load/vec4 v00000207651514b0_0;
    %pad/u 32;
    %cmpi/e 995, 0, 32;
    %jmp/0xz  T_9.145, 4;
    %load/vec4 v0000020765151b90_0;
    %assign/vec4 v0000020765150d30_0, 0;
T_9.145 ;
T_9.144 ;
T_9.142 ;
T_9.140 ;
    %load/vec4 v0000020765151050_0;
    %addi 1, 0, 2;
    %assign/vec4 v0000020765151050_0, 0;
    %jmp T_9;
    .thread T_9;
    .scope S_0000020765040570;
T_10 ;
    %pushi/vec4 0, 0, 1;
    %store/vec4 v0000020765150150_0, 0, 1;
    %pushi/vec4 0, 0, 8;
    %store/vec4 v0000020765151af0_0, 0, 8;
    %end;
    .thread T_10, $init;
    .scope S_0000020765040570;
T_11 ;
    %delay 1, 0;
    %load/vec4 v0000020765150150_0;
    %inv;
    %store/vec4 v0000020765150150_0, 0, 1;
    %jmp T_11;
    .thread T_11;
    .scope S_0000020765040570;
T_12 ;
    %delay 147, 0;
    %load/vec4 v0000020765151af0_0;
    %inv;
    %store/vec4 v0000020765151af0_0, 0, 8;
    %jmp T_12;
    .thread T_12;
    .scope S_0000020765040570;
T_13 ;
    %vpi_call/w 3 9 "$dumpfile", "wave.vcd" {0 0 0};
    %vpi_call/w 3 10 "$dumpvars", 32'sb00000000000000000000000000000000, S_0000020765040570 {0 0 0};
    %vpi_call/w 3 11 "$dumpvars", 32'sb00000000000000000000000000000000, &A<v0000020765151370, 0> {0 0 0};
    %vpi_call/w 3 12 "$dumpvars", 32'sb00000000000000000000000000000000, &A<v0000020765151370, 1> {0 0 0};
    %vpi_call/w 3 13 "$dumpvars", 32'sb00000000000000000000000000000000, &A<v0000020765151370, 2> {0 0 0};
    %vpi_call/w 3 14 "$dumpvars", 32'sb00000000000000000000000000000000, &A<v0000020765151370, 3> {0 0 0};
    %delay 10000, 0;
    %vpi_call/w 3 16 "$finish" {0 0 0};
    %end;
    .thread T_13;
# The file index is used to find the file name in the following table.
:file_names 6;
    "N/A";
    "<interactive>";
    "-";
    "tb.sv";
    "top.sv";
    "timer.sv";
